# one `path:name` per line; the gate fails on growth AND on a stale entry
crates/anlama/src/lib.rs:found_in_data
crates/anlama/src/lib.rs:is_blocking
crates/anlama/src/lib.rs:with_attachment
crates/denetim/src/lib.rs:is_fix
crates/esik/src/lib.rs:earliest_open
crates/esik/src/lib.rs:is_live_at
crates/esik/src/lib.rs:is_on
crates/esik/src/lib.rs:live_at
crates/esik/src/lib.rs:pending_at
crates/esik/src/lib.rs:ratify
crates/esik/src/lib.rs:requires_quorum
crates/esik/src/lib.rs:with_flag
crates/esik/src/lib.rs:with_note
crates/esik/src/lib.rs:with_why
crates/grant/src/lib.rs:revoked_pairs
crates/grant/src/training.rs:from_hex
crates/grant/src/training.rs:grant_by_id
crates/grant/src/training.rs:to_hex
crates/index/src/lib.rs:compact
crates/izolasyon/src/lib.rs:with_entries
crates/kanit/src/lib.rs:claim_of
crates/kanit/src/lib.rs:described_only
crates/kanit/src/lib.rs:may_act
crates/kanit/src/lib.rs:open_path
crates/kuyruk/src/lib.rs:evictions
crates/kuyruk/src/lib.rs:peek_due
crates/kuyruk/src/lib.rs:submit
crates/muhur/src/lib.rs:chain_mut
crates/muhur/src/lib.rs:is_finalized
crates/olcek/src/lib.rs:closing_used
crates/olcek/src/lib.rs:headroom
crates/olcek/src/lib.rs:is_granted
crates/olcek/src/lib.rs:ordinary_used
crates/olcek/src/lib.rs:pressure_admissions
crates/olcek/src/lib.rs:was_truncated
crates/read/src/perception.rs:is_known
crates/takip/src/lib.rs:declare_unwired
crates/takip/src/lib.rs:declare_wired
crates/takip/src/lib.rs:unclaimed
crates/tools/src/chain.rs:jsonrpc_request
crates/tools/src/chain.rs:to_corpus_line
crates/tools/src/lib.rs:numerator
crates/tools/src/operator.rs:compute_bond_ok
crates/tools/src/operator.rs:old_active
crates/tools/src/operator.rs:old_retired
crates/tools/src/operator.rs:same_model_hash
crates/yetenek/src/lib.rs:record_of
crates/yetenek/src/lib.rs:reject_names
crates/yetenek/src/lib.rs:with_capability
crates/yetenek/src/lib.rs:with_evidence
crates/yetenek/src/lib.rs:with_symbol
